// Jest Snapshot v1, https://goo.gl/fbAQLP

exports[`Grid render correctly 1`] = `
<div
  className="Grid"
  onDragOver={[Function]}
  onDrop={[Function]}
>
  <ReactGridLayout
    autoSize={true}
    className="layout"
    cols={12}
    compactType="vertical"
    containerPadding={null}
    draggableCancel=""
    draggableHandle=""
    isDraggable={true}
    isResizable={true}
    layout={Array []}
    margin={
      Array [
        10,
        10,
      ]
    }
    maxRows={Infinity}
    onDrag={[Function]}
    onDragStart={[Function]}
    onDragStop={[Function]}
    onLayoutChange={[Function]}
    onResize={[Function]}
    onResizeStart={[Function]}
    onResizeStop={[Function]}
    preventCollision={false}
    rowHeight={30}
    style={
      Object {
        "background": "#f5f6fa",
        "height": "100%",
      }
    }
    useCSSTransforms={true}
    verticalCompact={true}
    width={-256}
  />
</div>
`;
