// Jest Snapshot v1, https://goo.gl/fbAQLP

exports[`Grid render correctly 1`] = `
<Grid
  isDelete={false}
  isEdit={false}
  layout={
    Array [
      Object {
        "h": 6,
        "i": "dbzx",
        "id": 1,
        "imgurl": "http://47.95.1.229:9003/UploadFile/201808/dbzx.png",
        "mealid": 1,
        "path": "../../../thirdModules/dbzx/index.js",
        "showtitle": false,
        "style": Object {
          "background": "#F96",
          "border": "1px solid #ccc",
        },
        "title": "代办中心",
        "w": 4,
        "x": 0,
        "y": 0,
      },
    ]
  }
  propertyBoardEnumData={Array []}
>
  <div
    className="Grid"
    onDragOver={[Function]}
    onDrop={[Function]}
  >
    <ReactGridLayout
      autoSize={true}
      className="layout"
      cols={12}
      compactType="vertical"
      containerPadding={null}
      draggableCancel=""
      draggableHandle=""
      isDraggable={false}
      isResizable={false}
      layout={Array []}
      margin={
        Array [
          10,
          10,
        ]
      }
      maxRows={Infinity}
      onDrag={[Function]}
      onDragStart={[Function]}
      onDragStop={[Function]}
      onLayoutChange={[Function]}
      onResize={[Function]}
      onResizeStart={[Function]}
      onResizeStop={[Function]}
      preventCollision={false}
      rowHeight={30}
      style={
        Object {
          "background": "#f5f6fa",
          "height": "100%",
        }
      }
      useCSSTransforms={true}
      verticalCompact={true}
      width={0}
    >
      <div
        className="react-grid-layout layout"
        style={
          Object {
            "background": "#f5f6fa",
            "height": "100%",
          }
        }
      >
        <GridItem
          cancel=""
          className=""
          cols={12}
          containerPadding={
            Array [
              10,
              10,
            ]
          }
          containerWidth={0}
          h={6}
          handle=""
          i="dbzx"
          isDraggable={false}
          isResizable={false}
          key=".$dbzx"
          margin={
            Array [
              10,
              10,
            ]
          }
          maxH={Infinity}
          maxRows={Infinity}
          maxW={Infinity}
          minH={1}
          minW={1}
          onDrag={[Function]}
          onDragStart={[Function]}
          onDragStop={[Function]}
          onResize={[Function]}
          onResizeStart={[Function]}
          onResizeStop={[Function]}
          rowHeight={30}
          static={false}
          useCSSTransforms={true}
          usePercentages={false}
          w={4}
          x={0}
          y={0}
        >
          <Shell
            className="react-grid-item cssTransforms"
            data-grid={
              Object {
                "h": 6,
                "i": "dbzx",
                "id": 1,
                "imgurl": "http://47.95.1.229:9003/UploadFile/201808/dbzx.png",
                "mealid": 1,
                "path": "../../../thirdModules/dbzx/index.js",
                "showtitle": false,
                "style": Object {
                  "background": "#F96",
                  "border": "1px solid #ccc",
                },
                "title": "代办中心",
                "w": 4,
                "x": 0,
                "y": 0,
              }
            }
            detailPath=""
            isDelete={false}
            isEdit={false}
            key="dbzx"
            onEdit={[Function]}
            showDetail={false}
            showTitle={false}
            style={
              Object {
                "MozTransform": "translate(10px,10px)",
                "OTransform": "translate(10px,10px)",
                "WebkitTransform": "translate(10px,10px)",
                "background": "#F96",
                "border": "1px solid #ccc",
                "height": "230px",
                "msTransform": "translate(10px,10px)",
                "position": "absolute",
                "transform": "translate(10px,10px)",
                "width": "-13px",
              }
            }
            title="代办中心"
            type="component"
          >
            <div
              className="Shell"
              data-grid={
                Object {
                  "h": 6,
                  "i": "dbzx",
                  "id": 1,
                  "imgurl": "http://47.95.1.229:9003/UploadFile/201808/dbzx.png",
                  "mealid": 1,
                  "path": "../../../thirdModules/dbzx/index.js",
                  "showtitle": false,
                  "style": Object {
                    "background": "#F96",
                    "border": "1px solid #ccc",
                  },
                  "title": "代办中心",
                  "w": 4,
                  "x": 0,
                  "y": 0,
                }
              }
              onClick={[Function]}
              style={
                Object {
                  "MozTransform": "translate(10px,10px)",
                  "OTransform": "translate(10px,10px)",
                  "WebkitTransform": "translate(10px,10px)",
                  "background": "#F96",
                  "border": "1px solid #ccc",
                  "height": "230px",
                  "msTransform": "translate(10px,10px)",
                  "position": "absolute",
                  "transform": "translate(10px,10px)",
                  "width": "-13px",
                }
              }
              type="component"
            >
              <div
                className="render-div"
                id="dbzx"
                style={
                  Object {
                    "height": "calc(100% - 21px)",
                  }
                }
              />
            </div>
          </Shell>
        </GridItem>
      </div>
    </ReactGridLayout>
  </div>
</Grid>
`;
