// Jest Snapshot v1, https://goo.gl/fbAQLP

exports[`PropertyBoard render correctly 1`] = `
<PropertyBoard
  enumDatas={Array []}
  shellStyleDatas={Object {}}
  visible={true}
>
  <div
    className="PropertyBoard"
  >
    <withConfigConsumer(Drawer)
      className="PropertyBoard"
      destroyOnClose={true}
      onClose={[Function]}
      title={
        <div>
          <Icon
            theme="outlined"
            type="form"
          />
          <span
            style={
              Object {
                "paddingLeft": 10,
              }
            }
          >
            undefined 外壳属性修改
          </span>
        </div>
      }
      visible={true}
      width="20%"
    >
      <Drawer
        className="PropertyBoard"
        closable={true}
        destroyOnClose={true}
        getPrefixCls={[Function]}
        height={256}
        level={null}
        mask={true}
        maskClosable={true}
        onClose={[Function]}
        placement="right"
        prefixCls="ant-drawer"
        renderEmpty={[Function]}
        title={
          <div>
            <Icon
              theme="outlined"
              type="form"
            />
            <span
              style={
                Object {
                  "paddingLeft": 10,
                }
              }
            >
              undefined 外壳属性修改
            </span>
          </div>
        }
        visible={true}
        width="20%"
      >
        <Drawer
          className="PropertyBoard"
          closable={true}
          destroyOnClose={true}
          duration=".3s"
          ease="cubic-bezier(0.78, 0.14, 0.15, 0.86)"
          firstEnter={false}
          getContainer="body"
          getPrefixCls={[Function]}
          handler={false}
          level={null}
          mask={true}
          maskClosable={true}
          maskStyle={Object {}}
          onChange={[Function]}
          onClose={[Function]}
          onHandleClick={[Function]}
          onMaskClick={[Function]}
          open={true}
          placement="right"
          prefixCls="ant-drawer"
          renderEmpty={[Function]}
          showMask={true}
          style={
            Object {
              "transform": undefined,
              "zIndex": undefined,
            }
          }
          title={
            <div>
              <Icon
                theme="outlined"
                type="form"
              />
              <span
                style={
                  Object {
                    "paddingLeft": 10,
                  }
                }
              >
                undefined 外壳属性修改
              </span>
            </div>
          }
          visible={true}
          width="20%"
          wrapperClassName=""
        >
          <Portal
            containerInfo={
              <div>
                <div
                  class="ant-drawer ant-drawer-right ant-drawer-open PropertyBoard"
                >
                  <div
                    class="ant-drawer-mask"
                  />
                  <div
                    class="ant-drawer-content-wrapper"
                    style="width: 20%;"
                  >
                    <div
                      class="ant-drawer-content"
                    >
                      <div
                        class="ant-drawer-wrapper-body"
                        style="overflow: auto; height: 100%;"
                      >
                        <div
                          class="ant-drawer-header"
                        >
                          <div
                            class="ant-drawer-title"
                          >
                            <div>
                              <i
                                aria-label="icon: form"
                                class="anticon anticon-form"
                              >
                                <svg
                                  aria-hidden="true"
                                  class=""
                                  data-icon="form"
                                  fill="currentColor"
                                  height="1em"
                                  viewBox="64 64 896 896"
                                  width="1em"
                                >
                                  <path
                                    d="M904 512h-56c-4.4 0-8 3.6-8 8v320H184V184h320c4.4 0 8-3.6 8-8v-56c0-4.4-3.6-8-8-8H144c-17.7 0-32 14.3-32 32v736c0 17.7 14.3 32 32 32h736c17.7 0 32-14.3 32-32V520c0-4.4-3.6-8-8-8z"
                                  />
                                  <path
                                    d="M355.9 534.9L354 653.8c-.1 8.9 7.1 16.2 16 16.2h.4l118-2.9c2-.1 4-.9 5.4-2.3l415.9-415c3.1-3.1 3.1-8.2 0-11.3L785.4 114.3c-1.6-1.6-3.6-2.3-5.7-2.3s-4.1.8-5.7 2.3l-415.8 415a8.3 8.3 0 0 0-2.3 5.6zm63.5 23.6L779.7 199l45.2 45.1-360.5 359.7-45.7 1.1.7-46.4z"
                                  />
                                </svg>
                              </i>
                              <span
                                style="padding-left: 10px;"
                              >
                                undefined 外壳属性修改
                              </span>
                            </div>
                          </div>
                          <button
                            aria-label="Close"
                            class="ant-drawer-close"
                          >
                            <i
                              aria-label="icon: close"
                              class="anticon anticon-close"
                            >
                              <svg
                                aria-hidden="true"
                                class=""
                                data-icon="close"
                                fill="currentColor"
                                height="1em"
                                viewBox="64 64 896 896"
                                width="1em"
                              >
                                <path
                                  d="M563.8 512l262.5-312.9c4.4-5.2.7-13.1-6.1-13.1h-79.8c-4.7 0-9.2 2.1-12.3 5.7L511.6 449.8 295.1 191.7c-3-3.6-7.5-5.7-12.3-5.7H203c-6.8 0-10.5 7.9-6.1 13.1L459.4 512 196.9 824.9A7.95 7.95 0 0 0 203 838h79.8c4.7 0 9.2-2.1 12.3-5.7l216.5-258.1 216.5 258.1c3 3.6 7.5 5.7 12.3 5.7h79.8c6.8 0 10.5-7.9 6.1-13.1L563.8 512z"
                                />
                              </svg>
                            </i>
                          </button>
                        </div>
                        <div
                          class="ant-drawer-body"
                        >
                          <ul
                            class="property-wrapper"
                          />
                        </div>
                      </div>
                    </div>
                  </div>
                </div>
              </div>
            }
          >
            <div
              className="ant-drawer ant-drawer-right ant-drawer-open PropertyBoard"
              onTransitionEnd={[Function]}
              style={
                Object {
                  "transform": undefined,
                  "zIndex": undefined,
                }
              }
            >
              <div
                className="ant-drawer-mask"
                onClick={[Function]}
                style={Object {}}
              />
              <div
                className="ant-drawer-content-wrapper"
                style={
                  Object {
                    "height": undefined,
                    "msTransform": "",
                    "transform": "",
                    "width": "20%",
                  }
                }
              >
                <div
                  className="ant-drawer-content"
                  onTouchMove={[Function]}
                  onTouchStart={[Function]}
                >
                  <div
                    className="ant-drawer-wrapper-body"
                    onTransitionEnd={[Function]}
                    style={
                      Object {
                        "height": "100%",
                        "overflow": "auto",
                      }
                    }
                  >
                    <div
                      className="ant-drawer-header"
                    >
                      <div
                        className="ant-drawer-title"
                      >
                        <div>
                          <Icon
                            theme="outlined"
                            type="form"
                          >
                            <LocaleReceiver
                              componentName="Icon"
                            >
                              <i
                                aria-label="icon: form"
                                className="anticon anticon-form"
                              >
                                <IconReact
                                  className=""
                                  type="form-o"
                                >
                                  <svg
                                    aria-hidden="true"
                                    className=""
                                    data-icon="form"
                                    fill="currentColor"
                                    height="1em"
                                    key="svg-form"
                                    viewBox="64 64 896 896"
                                    width="1em"
                                  >
                                    <path
                                      d="M904 512h-56c-4.4 0-8 3.6-8 8v320H184V184h320c4.4 0 8-3.6 8-8v-56c0-4.4-3.6-8-8-8H144c-17.7 0-32 14.3-32 32v736c0 17.7 14.3 32 32 32h736c17.7 0 32-14.3 32-32V520c0-4.4-3.6-8-8-8z"
                                      key="svg-form-svg-0"
                                    />
                                    <path
                                      d="M355.9 534.9L354 653.8c-.1 8.9 7.1 16.2 16 16.2h.4l118-2.9c2-.1 4-.9 5.4-2.3l415.9-415c3.1-3.1 3.1-8.2 0-11.3L785.4 114.3c-1.6-1.6-3.6-2.3-5.7-2.3s-4.1.8-5.7 2.3l-415.8 415a8.3 8.3 0 0 0-2.3 5.6zm63.5 23.6L779.7 199l45.2 45.1-360.5 359.7-45.7 1.1.7-46.4z"
                                      key="svg-form-svg-1"
                                    />
                                  </svg>
                                </IconReact>
                              </i>
                            </LocaleReceiver>
                          </Icon>
                          <span
                            style={
                              Object {
                                "paddingLeft": 10,
                              }
                            }
                          >
                            undefined 外壳属性修改
                          </span>
                        </div>
                      </div>
                      <button
                        aria-label="Close"
                        className="ant-drawer-close"
                        onClick={[Function]}
                      >
                        <Icon
                          type="close"
                        >
                          <LocaleReceiver
                            componentName="Icon"
                          >
                            <i
                              aria-label="icon: close"
                              className="anticon anticon-close"
                            >
                              <IconReact
                                className=""
                                type="close-o"
                              >
                                <svg
                                  aria-hidden="true"
                                  className=""
                                  data-icon="close"
                                  fill="currentColor"
                                  height="1em"
                                  key="svg-close"
                                  viewBox="64 64 896 896"
                                  width="1em"
                                >
                                  <path
                                    d="M563.8 512l262.5-312.9c4.4-5.2.7-13.1-6.1-13.1h-79.8c-4.7 0-9.2 2.1-12.3 5.7L511.6 449.8 295.1 191.7c-3-3.6-7.5-5.7-12.3-5.7H203c-6.8 0-10.5 7.9-6.1 13.1L459.4 512 196.9 824.9A7.95 7.95 0 0 0 203 838h79.8c4.7 0 9.2-2.1 12.3-5.7l216.5-258.1 216.5 258.1c3 3.6 7.5 5.7 12.3 5.7h79.8c6.8 0 10.5-7.9 6.1-13.1L563.8 512z"
                                    key="svg-close-svg-0"
                                  />
                                </svg>
                              </IconReact>
                            </i>
                          </LocaleReceiver>
                        </Icon>
                      </button>
                    </div>
                    <div
                      className="ant-drawer-body"
                    >
                      <ul
                        className="property-wrapper"
                      />
                    </div>
                  </div>
                </div>
              </div>
            </div>
          </Portal>
        </Drawer>
      </Drawer>
    </withConfigConsumer(Drawer)>
  </div>
</PropertyBoard>
`;
